// Jest Snapshot v1, https://goo.gl/fbAQLP

exports[`matches snapshot 1`] = `
<DocumentFragment>
  <div
    class="Card"
  >
    <span
      class="Card-title"
    />
    <img
      class="Card-image"
    />
    <span
      class="Card-small"
    >
      Image  of .
    </span>
  </div>
</DocumentFragment>
`;
